Template                 Units          Branches       Lines         
------------------------ -------------- -------------- --------------
page.ql                  8/8 100.0%     1/2 50.0%      4/4 100.0%    
------------------------ -------------- -------------- --------------
TOTAL                    8/8 100.0%     1/2 50.0%      4/4 100.0%    
